
/home/runner/work/exp-dining-philosophers-problem-iiith/exp-dining-philosophers-problem-iiith/experiment/simulation/astro/client.HafQBw8l.js
   9:1007    warning  'setImmediate' is not defined                                              no-undef
   9:1896    warning  Unreachable code                                                           no-unreachable
  17:3302    warning  Empty block statement                                                      no-empty
  22:202     warning  Expected a conditional expression and instead saw an assignment            no-cond-assign
  24:548     warning  Empty block statement                                                      no-empty
  24:4239    warning  Expected a conditional expression and instead saw an assignment            no-cond-assign
  24:4339    warning  Expected a conditional expression and instead saw an assignment            no-cond-assign
  24:4422    warning  Expected a conditional expression and instead saw an assignment            no-cond-assign
  24:4879    warning  Unexpected combined character in character class                           no-misleading-character-class
  24:6394    warning  Do not access Object.prototype method 'hasOwnProperty' from target object  no-prototype-builtins
  24:8622    warning  Do not access Object.prototype method 'hasOwnProperty' from target object  no-prototype-builtins
  24:10740   warning  Do not access Object.prototype method 'hasOwnProperty' from target object  no-prototype-builtins
  24:10770   warning  Do not access Object.prototype method 'hasOwnProperty' from target object  no-prototype-builtins
  24:10889   warning  Do not access Object.prototype method 'hasOwnProperty' from target object  no-prototype-builtins
  24:10950   warning  Do not access Object.prototype method 'hasOwnProperty' from target object  no-prototype-builtins
  24:13913   warning  Unexpected control character(s) in regular expression: \x00, \x1f          no-control-regex
  24:15956   warning  Expected to return a value in method 'get'                                 getter-return
  24:16646   warning  Do not access Object.prototype method 'hasOwnProperty' from target object  no-prototype-builtins
  24:16988   warning  Invalid typeof comparison value                                            valid-typeof
  24:17162   warning  Invalid typeof comparison value                                            valid-typeof
  24:19027   warning  Expected a conditional expression and instead saw an assignment            no-cond-assign
  24:25346   warning  Do not access Object.prototype method 'hasOwnProperty' from target object  no-prototype-builtins
  24:26656   warning  'process' is not defined                                                   no-undef
  24:26682   warning  'process' is not defined                                                   no-undef
  24:43514   warning  Empty block statement                                                      no-empty
  24:45596   warning  Expected a 'break' statement before 'case'                                 no-fallthrough
  24:46055   warning  Unexpected constant condition                                              no-constant-condition
  24:59023   warning  Empty block statement                                                      no-empty
  24:59032   warning  Empty block statement                                                      no-empty
  24:64544   warning  Expected a conditional expression and instead saw an assignment            no-cond-assign
  24:69447   warning  Expected a conditional expression and instead saw an assignment            no-cond-assign
  24:72338   warning  Expected a conditional expression and instead saw an assignment            no-cond-assign
  24:73446   warning  Expected a conditional expression and instead saw an assignment            no-cond-assign
  24:75124   warning  Expected a conditional expression and instead saw an assignment            no-cond-assign
  24:81751   warning  Expected a conditional expression and instead saw an assignment            no-cond-assign
  24:86714   warning  Unnecessary escape character: \/                                           no-useless-escape
  24:97449   warning  Expected a 'break' statement before 'case'                                 no-fallthrough
  24:98401   warning  Empty block statement                                                      no-empty
  24:98677   warning  Expected a 'break' statement before 'case'                                 no-fallthrough
  24:101848  warning  Expected a conditional expression and instead saw an assignment            no-cond-assign
  24:104216  warning  Do not access Object.prototype method 'hasOwnProperty' from target object  no-prototype-builtins
  24:106026  warning  Expected a 'break' statement before 'case'                                 no-fallthrough
  24:106697  warning  Expected a 'break' statement before 'case'                                 no-fallthrough
  24:112465  warning  Expected a 'break' statement before 'case'                                 no-fallthrough
  24:112799  warning  Unexpected constant condition                                              no-constant-condition
  24:115380  warning  Unexpected constant condition                                              no-constant-condition
  24:115979  warning  Expected a 'break' statement before 'case'                                 no-fallthrough
  24:116291  warning  Unexpected constant condition                                              no-constant-condition
  24:116682  warning  Expected a 'break' statement before 'default'                              no-fallthrough
  24:119136  warning  Expected a conditional expression and instead saw an assignment            no-cond-assign
  24:119944  warning  Empty block statement                                                      no-empty
  24:120690  warning  Empty block statement                                                      no-empty
  24:122160  warning  't' is defined but never used                                              no-unused-vars
  24:124543  warning  Expected a conditional expression and instead saw an assignment            no-cond-assign
  24:128304  warning  Expected a 'break' statement before 'case'                                 no-fallthrough
  24:128491  warning  Expected a 'break' statement before 'case'                                 no-fallthrough
  24:129703  warning  Expected a conditional expression and instead saw an assignment            no-cond-assign
  24:131187  warning  Expected a 'break' statement before 'case'                                 no-fallthrough
  24:132701  warning  Unexpected control character(s) in regular expression: \x00                no-control-regex
  25:475     warning  Expected a 'break' statement before 'case'                                 no-fallthrough
  25:5064    warning  Do not access Object.prototype method 'hasOwnProperty' from target object  no-prototype-builtins
  25:5634    warning  Do not access Object.prototype method 'hasOwnProperty' from target object  no-prototype-builtins
  25:5969    warning  Do not access Object.prototype method 'hasOwnProperty' from target object  no-prototype-builtins
  25:6362    warning  Do not access Object.prototype method 'hasOwnProperty' from target object  no-prototype-builtins
  25:6478    warning  Expected a 'break' statement before 'default'                              no-fallthrough
  25:6638    warning  Do not access Object.prototype method 'hasOwnProperty' from target object  no-prototype-builtins
  25:6900    warning  Do not access Object.prototype method 'hasOwnProperty' from target object  no-prototype-builtins
  25:7382    warning  Expected a 'break' statement before 'case'                                 no-fallthrough
  25:7521    warning  Do not access Object.prototype method 'hasOwnProperty' from target object  no-prototype-builtins
  25:7698    warning  Do not access Object.prototype method 'hasOwnProperty' from target object  no-prototype-builtins
  25:7780    warning  Do not access Object.prototype method 'hasOwnProperty' from target object  no-prototype-builtins
  25:8040    warning  Do not access Object.prototype method 'hasOwnProperty' from target object  no-prototype-builtins
  25:8138    warning  Expected a 'break' statement before 'default'                              no-fallthrough
  25:8148    warning  Do not access Object.prototype method 'hasOwnProperty' from target object  no-prototype-builtins
  25:8225    warning  Do not access Object.prototype method 'hasOwnProperty' from target object  no-prototype-builtins
  25:8612    warning  Do not access Object.prototype method 'hasOwnProperty' from target object  no-prototype-builtins
  25:8686    warning  Expected a 'break' statement before 'default'                              no-fallthrough
  25:8696    warning  Do not access Object.prototype method 'hasOwnProperty' from target object  no-prototype-builtins
  25:8763    warning  Do not access Object.prototype method 'hasOwnProperty' from target object  no-prototype-builtins
  25:8881    warning  Expected a 'break' statement before 'default'                              no-fallthrough
  25:9056    warning  Do not access Object.prototype method 'hasOwnProperty' from target object  no-prototype-builtins
  25:9087    warning  Do not access Object.prototype method 'hasOwnProperty' from target object  no-prototype-builtins
  25:9210    warning  Do not access Object.prototype method 'hasOwnProperty' from target object  no-prototype-builtins
  25:9483    warning  Do not access Object.prototype method 'hasOwnProperty' from target object  no-prototype-builtins
  25:9514    warning  Do not access Object.prototype method 'hasOwnProperty' from target object  no-prototype-builtins
  25:9633    warning  Do not access Object.prototype method 'hasOwnProperty' from target object  no-prototype-builtins
  25:9987    warning  Do not access Object.prototype method 'hasOwnProperty' from target object  no-prototype-builtins
  25:10018   warning  Do not access Object.prototype method 'hasOwnProperty' from target object  no-prototype-builtins
  25:10085   warning  Do not access Object.prototype method 'hasOwnProperty' from target object  no-prototype-builtins
  25:10296   warning  Do not access Object.prototype method 'hasOwnProperty' from target object  no-prototype-builtins
  25:10330   warning  Do not access Object.prototype method 'hasOwnProperty' from target object  no-prototype-builtins
  25:10398   warning  Do not access Object.prototype method 'hasOwnProperty' from target object  no-prototype-builtins
  25:10496   warning  Do not access Object.prototype method 'hasOwnProperty' from target object  no-prototype-builtins
  25:10527   warning  Do not access Object.prototype method 'hasOwnProperty' from target object  no-prototype-builtins
  25:10592   warning  Do not access Object.prototype method 'hasOwnProperty' from target object  no-prototype-builtins
  25:18637   warning  Expected a conditional expression and instead saw an assignment            no-cond-assign
  25:19708   warning  Expected a conditional expression and instead saw an assignment            no-cond-assign
  25:22241   warning  Expected a conditional expression and instead saw an assignment            no-cond-assign
  25:34322   warning  'navigation' is not defined                                                no-undef
  25:34351   warning  'navigation' is not defined                                                no-undef
  25:34391   warning  'navigation' is not defined                                                no-undef
  25:34537   warning  'navigation' is not defined                                                no-undef
  25:34579   warning  'navigation' is not defined                                                no-undef
  25:34628   warning  'navigation' is not defined                                                no-undef
  25:34709   warning  'navigation' is not defined                                                no-undef
  25:34754   warning  'navigation' is not defined                                                no-undef
  25:34806   warning  'navigation' is not defined                                                no-undef
  25:35955   warning  '__REACT_DEVTOOLS_GLOBAL_HOOK__' is not defined                            no-undef
  25:36054   warning  Empty block statement                                                      no-empty
  25:37202   warning  '__REACT_DEVTOOLS_GLOBAL_HOOK__' is not defined                            no-undef
  25:37259   warning  '__REACT_DEVTOOLS_GLOBAL_HOOK__' is not defined                            no-undef

/home/runner/work/exp-dining-philosophers-problem-iiith/exp-dining-philosophers-problem-iiith/experiment/simulation/astro/dining-philosophers.CZ2tNIMW.js
  124:62615  warning  Empty block statement                    no-empty
  124:90612  warning  'i' is assigned a value but never used   no-unused-vars
  129:7341   warning  'r' is already defined                   no-redeclare
  129:8178   warning  't' is defined but never used            no-unused-vars
  129:10625  warning  '__webpack_nonce__' is not defined       no-undef
  166:1566   warning  's' is defined but never used            no-unused-vars
  169:8349   warning  'n' is assigned a value but never used   no-unused-vars
  169:8486   warning  'n' is assigned a value but never used   no-unused-vars
  169:11325  warning  'n' is assigned a value but never used   no-unused-vars
  169:11589  warning  'Dh' is assigned a value but never used  no-unused-vars
  170:13039  warning  'PREDEFINED_SCENARIOS' is not defined    no-undef
  170:15498  warning  'PREDEFINED_SCENARIOS' is not defined    no-undef
  170:17997  warning  't' is defined but never used            no-unused-vars
  170:19404  warning  't' is defined but never used            no-unused-vars
  170:19999  warning  'c' is defined but never used            no-unused-vars
  170:25657  warning  'm' is assigned a value but never used   no-unused-vars
  170:25659  warning  'x' is assigned a value but never used   no-unused-vars
  170:25688  warning  'g' is assigned a value but never used   no-unused-vars
  170:25709  warning  'y' is assigned a value but never used   no-unused-vars

/home/runner/work/exp-dining-philosophers-problem-iiith/exp-dining-philosophers-problem-iiith/experiment/simulation/astro/index.9EvymM1O.js
   9:4075  warning  'process' is not defined                         no-undef
   9:4101  warning  'process' is not defined                         no-undef
  17:3418  warning  '__REACT_DEVTOOLS_GLOBAL_HOOK__' is not defined  no-undef
  17:3475  warning  '__REACT_DEVTOOLS_GLOBAL_HOOK__' is not defined  no-undef

✖ 134 problems (0 errors, 134 warnings)

